// Jest Snapshot v1, https://goo.gl/fbAQLP

exports[`Preview スナップショットテスト 1`] = `
<body>
  <div>
    <div
      class="MuiContainer-root MuiContainer-maxWidthLg"
    >
      <div
        class="MuiGrid-root MuiGrid-container MuiGrid-spacing-xs-4"
      >
        <div
          class="MuiGrid-root MuiGrid-item MuiGrid-grid-xs-12"
        >
          <div
            class="MuiPaper-root makeStyles-preview-8 MuiPaper-elevation3 MuiPaper-rounded"
          >
            <div
              class="wmde-markdown wmde-markdown-color "
            >
              <h1>
                string
              </h1>
              <p>
                string
              </p>
            </div>
          </div>
        </div>
        <div
          class="MuiGrid-root makeStyles-centerPlacement-6 MuiGrid-item MuiGrid-grid-xs-12"
        >
          <button
            class="MuiButtonBase-root MuiFab-root MuiFab-primary"
            tabindex="0"
            type="button"
          >
            <span
              class="MuiFab-label"
            >
              <svg
                aria-hidden="true"
                class="MuiSvgIcon-root"
                focusable="false"
                viewBox="0 0 24 24"
              >
                <path
                  d="M19 3h-4.18C14.4 1.84 13.3 1 12 1c-1.3 0-2.4.84-2.82 2H5c-1.1 0-2 .9-2 2v14c0 1.1.9 2 2 2h14c1.1 0 2-.9 2-2V5c0-1.1-.9-2-2-2zm-7 0c.55 0 1 .45 1 1s-.45 1-1 1-1-.45-1-1 .45-1 1-1zm0 15l-5-5h3V9h4v4h3l-5 5z"
                />
              </svg>
            </span>
            <span
              class="MuiTouchRipple-root"
            />
          </button>
        </div>
      </div>
    </div>
  </div>
</body>
`;
